mode: set
wagerservice/cmd/entity-server/handler/handler.go:21.13,22.134 1 1
wagerservice/cmd/entity-server/handler/handler.go:30.2,30.90 1 1
wagerservice/cmd/entity-server/handler/handler.go:22.134,23.30 1 1
wagerservice/cmd/entity-server/handler/handler.go:27.3,27.15 1 0
wagerservice/cmd/entity-server/handler/handler.go:24.26,25.95 1 1
wagerservice/cmd/entity-server/handler/handler.go:30.90,32.3 1 1
wagerservice/cmd/entity-server/handler/handler.go:35.81,42.2 2 1
wagerservice/cmd/entity-server/handler/handler.go:44.53,46.16 2 1
wagerservice/cmd/entity-server/handler/handler.go:51.2,52.28 2 1
wagerservice/cmd/entity-server/handler/handler.go:46.16,49.3 2 0
wagerservice/cmd/entity-server/handler/handler.go:52.28,55.3 2 1
wagerservice/cmd/entity-server/handler/handler.go:55.8,57.3 1 1
wagerservice/cmd/entity-server/handler/wager.go:24.17,29.2 1 1
wagerservice/cmd/entity-server/handler/wager.go:31.51,35.51 3 1
wagerservice/cmd/entity-server/handler/wager.go:35.51,37.17 2 1
wagerservice/cmd/entity-server/handler/wager.go:41.3,41.55 1 1
wagerservice/cmd/entity-server/handler/wager.go:37.17,40.4 2 0
wagerservice/cmd/entity-server/handler/wager.go:45.49,56.16 5 1
wagerservice/cmd/entity-server/handler/wager.go:61.2,65.47 4 1
wagerservice/cmd/entity-server/handler/wager.go:56.16,59.3 2 0
wagerservice/cmd/entity-server/handler/wager.go:68.48,72.16 3 1
wagerservice/cmd/entity-server/handler/wager.go:77.2,81.51 2 1
wagerservice/cmd/entity-server/handler/wager.go:72.16,75.3 2 0
wagerservice/cmd/entity-server/handler/wager.go:81.51,83.17 2 1
wagerservice/cmd/entity-server/handler/wager.go:87.3,87.55 1 1
wagerservice/cmd/entity-server/handler/wager.go:83.17,86.4 2 1
